<html>
<body>
<pre>
<h1>礦ision Build Log</h1>
<h2>Tool Versions:</h2>
IDE-Version: μVision V5.14.0.0
Copyright (C) 2015 ARM Ltd and ARM Germany GmbH. All rights reserved.
License Information: cxsc 顾影_, 大V, LIC=UB412-9H10J-77CRP-MD3T8-HVEYL-KW1C4
 
Tool Versions:
Toolchain:       MDK-ARM Professional  Version: 5.14.0.0
Toolchain Path:  G:\Keil_v5\ARM\ARMCC\Bin
C Compiler:      Armcc.exe V5.05 update 1 (build 106)
Assembler:       Armasm.exe V5.05 update 1 (build 106)
Linker/Locator:  ArmLink.exe V5.05 update 1 (build 106)
Library Manager: ArmAr.exe V5.05 update 1 (build 106)
Hex Converter:   FromElf.exe V5.05 update 1 (build 106)
CPU DLL:         SARMCM3.DLL V5.14.0.0
Dialog DLL:      DCM.DLL V1.13.1.0
Target DLL:      STLink\ST-LINKIII-KEIL_SWO.dll V2.0.14.0_KEIL
Dialog DLL:      TCM.DLL V1.14.4.0
 
<h2>Project:</h2>
D:\Users\顾影_\Desktop\flight control\F407_FC.uvprojx
Project File Date:  05/03/2018

<h2>Output:</h2>
Build target 'Anopilot'
compiling data_transfer.c...
compiling VL53L0.c...
drivers\VL53L0.c(37): warning:  #177-D: variable "ALT_Hight" was declared but never referenced
        static float ALT_Hight[5];
drivers\VL53L0.c(38): warning:  #177-D: variable "i" was declared but never referenced
        static int i,num;
drivers\VL53L0.c(39): warning:  #177-D: variable "sum" was declared but never referenced
        float sum=0;
drivers\VL53L0.c: 3 warnings, 0 errors
linking...
Program Size: Code=109544 RO-data=952 RW-data=2204 ZI-data=16764  
After Build - User command #1: fromelf --bin .\build\F407_FC.axf --output TEST.ANO
".\build\F407_FC.axf" - 0 Error(s), 3 Warning(s).

<h2>Collection of Component include folders:</h2>
  D:\Users\顾影_\Desktop\flight control\RTE
  G:\Keil_v5\ARM\PACK\Keil\STM32F4xx_DFP\1.0.8\Device\Include

<h2>Collection of Component Files used:</h2>
</pre>
</body>
</html>
